// Jest Snapshot v1, https://goo.gl/fbAQLP

exports[`<Filters /> should render and match the snapshot 1`] = `
<div
  className="flex items-center gap-2"
>
  <button
    className="px-2 border border-transparent border-r-zinc-600"
    data-testid="filter-button"
    onClick={[Function]}
  >
    <span>
      Все
    </span>
  </button>
  <button
    className="px-2"
    data-testid="filter-button"
    onClick={[Function]}
  >
    <span>
      Активные
    </span>
  </button>
  <button
    className="px-2 border border-transparent border-l-zinc-600"
    data-testid="filter-button"
    onClick={[Function]}
  >
    <span>
      Завершенные
    </span>
  </button>
</div>
`;
