// Jest Snapshot v1, https://goo.gl/fbAQLP

exports[`<RemainingTodos /> should render and match the snapshot 1`] = `
<div>
  <span
    data-testid="remaining-text"
  >
    Осталось: 
    1
  </span>
</div>
`;
