// Jest Snapshot v1, https://goo.gl/fbAQLP

exports[`<TodosCard /> should render and match the snapshot 1`] = `
<div
  className="flex flex-col gap-4 w-[1000px] h-max rounded-md shadow-lg bg-[#282828]"
  data-testid="todos-card"
>
  <AddTodo />
  <TodosList />
  <TodosFilter />
</div>
`;
