// Jest Snapshot v1, https://goo.gl/fbAQLP

exports[`<CompletedSign /> should render and match the snapshot 1`] = `
<div
  data-testid="completed-sign"
>
  <img
    alt="ready"
    className="w-[30px] h-[30px]"
    height={30}
    src="test-file-stub"
    width={30}
  />
</div>
`;
