// Jest Snapshot v1, https://goo.gl/fbAQLP

exports[`<TodosList /> should render and match the snapshot 1`] = `
<div>
  <React.Fragment>
    <Todo
      completed={false}
      id={1}
      title="delectus aut autem"
      updateTodo={[Function]}
      userId={1}
    />
    <Todo
      completed={false}
      id={2}
      title="quis ut nam facilis et officia qui"
      updateTodo={[Function]}
      userId={1}
    />
    <Todo
      completed={false}
      id={3}
      title="fugiat veniam minus"
      updateTodo={[Function]}
      userId={1}
    />
    <Todo
      completed={true}
      id={4}
      title="et porro tempora"
      updateTodo={[Function]}
      userId={1}
    />
    <Todo
      completed={false}
      id={5}
      title="laboriosam mollitia et enim quasi adipisci quia provident illum"
      updateTodo={[Function]}
      userId={1}
    />
    <Todo
      completed={false}
      id={6}
      title="qui ullam ratione quibusdam voluptatem quia omnis"
      updateTodo={[Function]}
      userId={1}
    />
    <Todo
      completed={false}
      id={7}
      title="illo expedita consequatur quia in"
      updateTodo={[Function]}
      userId={1}
    />
    <Todo
      completed={true}
      id={8}
      title="quo adipisci enim quam ut ab"
      updateTodo={[Function]}
      userId={1}
    />
  </React.Fragment>
</div>
`;
