// Jest Snapshot v1, https://goo.gl/fbAQLP

exports[`<DeleteCompletedTodosButton /> should render and match the snapshot 1`] = `
<button>
  <span>
    Удалить завершенные
  </span>
</button>
`;
